// Jest Snapshot v1, https://goo.gl/fbAQLP

exports[`<OrderedList /> component should render the component in default state 1`] = `"<ul class=\\"MuiList-root-1 MuiList-padding-2\\"><li class=\\"MuiListItem-root-5 MuiListItem-default-8 MuiListItem-gutters-13 Hook-listItem-pb3m1\\"><p class=\\"MuiTypography-root-17 MuiTypography-body2-25 Hook-interpunct-1jg88t5\\">1.</p><p class=\\"MuiTypography-root-17 MuiTypography-body1-26\\">first</p></li><li class=\\"MuiListItem-root-5 MuiListItem-default-8 MuiListItem-gutters-13 Hook-listItem-pb3m1\\"><p class=\\"MuiTypography-root-17 MuiTypography-body2-25 Hook-interpunct-1jg88t5\\">2.</p><p class=\\"MuiTypography-root-17 MuiTypography-body1-26\\">second</p></li><li class=\\"MuiListItem-root-5 MuiListItem-default-8 MuiListItem-gutters-13 Hook-listItem-pb3m1\\"><p class=\\"MuiTypography-root-17 MuiTypography-body2-25 Hook-interpunct-1jg88t5\\">3.</p><p class=\\"MuiTypography-root-17 MuiTypography-body1-26\\">third</p></li></ul>"`;
