// Jest Snapshot v1, https://goo.gl/fbAQLP

exports[`<Author /> component should render the component in default state 1`] = `"<ul class=\\"MuiList-root-1 MuiList-padding-2 MuiList-subheader-4\\"><h3 class=\\"MuiTypography-root-5 MuiTypography-subheading-12 css-hyrz44 e1xuehjw0\\">Author</h3><li class=\\"MuiListItem-root-41 MuiListItem-default-44 MuiListItem-gutters-49 css-z8a2h0 e1xuehjw1\\"><a href=\\"mailto:verdaccio.user@verdaccio.org?subject=verdaccio@4.0.0\\" target=\\"_top\\"><div class=\\"MuiAvatar-root-53\\"><img alt=\\"verdaccio user\\" src=\\"https://www.gravatar.com/avatar/000000\\" class=\\"MuiAvatar-img-55\\"/></div></a><div class=\\"MuiListItemText-root-56\\"><span class=\\"MuiTypography-root-5 MuiTypography-subheading-12 MuiListItemText-primary-59\\">verdaccio user</span></div></li></ul>"`;

exports[`<Author /> component should render the component when there is no author email 1`] = `"<ul class=\\"MuiList-root-62 MuiList-padding-63 MuiList-subheader-65\\"><h3 class=\\"MuiTypography-root-66 MuiTypography-subheading-73 css-hyrz44 e1xuehjw0\\">Author</h3><li class=\\"MuiListItem-root-102 MuiListItem-default-105 MuiListItem-gutters-110 css-z8a2h0 e1xuehjw1\\"><div class=\\"MuiAvatar-root-114\\"><img alt=\\"verdaccio user\\" src=\\"https://www.gravatar.com/avatar/000000\\" class=\\"MuiAvatar-img-116\\"/></div><div class=\\"MuiListItemText-root-117\\"><span class=\\"MuiTypography-root-66 MuiTypography-subheading-73 MuiListItemText-primary-120\\">verdaccio user</span></div></li></ul>"`;
