// Jest Snapshot v1, https://goo.gl/fbAQLP

exports[`<Author /> component should render the component in default state 1`] = `"<ul class=\\"MuiList-root MuiList-padding MuiList-subheader\\"><h6 class=\\"MuiTypography-root css-5wp24z-StyledText e1xuehjw0 MuiTypography-subtitle1\\">sidebar.author.title</h6><div class=\\"MuiButtonBase-root MuiListItem-root css-1k45khb-AuthorListItem e1xuehjw1 MuiListItem-gutters MuiListItem-button\\" tabindex=\\"0\\" role=\\"button\\" aria-disabled=\\"false\\"><a href=\\"mailto:verdaccio.user@verdaccio.org?subject=verdaccio@4.0.0\\" target=\\"_top\\"><div class=\\"MuiAvatar-root MuiAvatar-circle\\"><img alt=\\"verdaccio user\\" src=\\"https://www.gravatar.com/avatar/000000\\" class=\\"MuiAvatar-img\\"></div></a><div class=\\"MuiListItemText-root css-1cnlq5d-AuthorListItemText e1xuehjw2\\"><span class=\\"MuiTypography-root MuiListItemText-primary MuiTypography-body1\\">verdaccio user</span></div><span class=\\"MuiTouchRipple-root\\"></span></div></ul>"`;

exports[`<Author /> component should render the component when there is no author email 1`] = `"<ul class=\\"MuiList-root MuiList-padding MuiList-subheader\\"><h6 class=\\"MuiTypography-root css-5wp24z-StyledText e1xuehjw0 MuiTypography-subtitle1\\">sidebar.author.title</h6><div class=\\"MuiButtonBase-root MuiListItem-root css-1k45khb-AuthorListItem e1xuehjw1 MuiListItem-gutters MuiListItem-button\\" tabindex=\\"0\\" role=\\"button\\" aria-disabled=\\"false\\"><div class=\\"MuiAvatar-root MuiAvatar-circle\\"><img alt=\\"verdaccio user\\" src=\\"https://www.gravatar.com/avatar/000000\\" class=\\"MuiAvatar-img\\"></div><div class=\\"MuiListItemText-root css-1cnlq5d-AuthorListItemText e1xuehjw2\\"><span class=\\"MuiTypography-root MuiListItemText-primary MuiTypography-body1\\">verdaccio user</span></div><span class=\\"MuiTouchRipple-root\\"></span></div></ul>"`;
