// Jest Snapshot v1, https://goo.gl/fbAQLP

exports[`<ActionBar /> component should render the component in default state 1`] = `""`;

exports[`<ActionBar /> component when there is a button to download a tarball 1`] = `"<ul class=\\"MuiList-root MuiList-padding\\"><div class=\\"MuiButtonBase-root MuiListItem-root css-9q3x3c eux6shq0 MuiListItem-gutters MuiListItem-button MuiListItem-alignItemsFlexStart\\" tabindex=\\"0\\" role=\\"button\\" aria-disabled=\\"false\\"><button class=\\"MuiButtonBase-root MuiFab-root css-96oxa0 eux6shq1 MuiFab-sizeSmall\\" tabindex=\\"0\\" type=\\"button\\" title=\\"Download tarball\\"><span class=\\"MuiFab-label\\"><svg class=\\"MuiSvgIcon-root\\" focusable=\\"false\\" viewBox=\\"0 0 24 24\\" aria-hidden=\\"true\\" role=\\"presentation\\"><path d=\\"M19.35 10.04C18.67 6.59 15.64 4 12 4 9.11 4 6.6 5.64 5.35 8.04 2.34 8.36 0 10.91 0 14c0 3.31 2.69 6 6 6h13c2.76 0 5-2.24 5-5 0-2.64-2.05-4.78-4.65-4.96zM17 13l-5 5-5-5h3V9h4v4h3z\\"></path></svg></span><span class=\\"MuiTouchRipple-root\\"></span></button><span class=\\"MuiTouchRipple-root\\"></span></div></ul>"`;
