// Jest Snapshot v1, https://goo.gl/fbAQLP

exports[`<Spinner /> component should render the component in default state 1`] = `"<div class=\\"css-vqrgi e1ag4h8b0\\"><div class=\\"MuiCircularProgress-root css-15gl0ho e1ag4h8b1 MuiCircularProgress-colorPrimary MuiCircularProgress-indeterminate\\" style=\\"width:50px;height:50px\\" role=\\"progressbar\\"><svg class=\\"MuiCircularProgress-svg\\" viewBox=\\"22 22 44 44\\"><circle class=\\"MuiCircularProgress-circle MuiCircularProgress-circleIndeterminate\\" cx=\\"44\\" cy=\\"44\\" r=\\"20.2\\" fill=\\"none\\" stroke-width=\\"3.6\\"></circle></svg></div></div>"`;
