// Jest Snapshot v1, https://goo.gl/fbAQLP

exports[`<Version /> component should render the component in default state 1`] = `"<h6 class=\\"MuiTypography-root css-1ikpjfo e1h4if9v0 MuiTypography-subtitle1\\">Current Tags</h6><ul class=\\"MuiList-root MuiList-dense MuiList-padding\\"></ul><h6 class=\\"MuiTypography-root css-1ikpjfo e1h4if9v0 MuiTypography-subtitle1\\">Version History</h6><ul class=\\"MuiList-root MuiList-dense MuiList-padding\\"></ul>"`;
