// Jest Snapshot v1, https://goo.gl/fbAQLP

exports[`<Loading /> component should render the component in default state 1`] = `"<div data-testid=\\"loading\\" class=\\"css-1221txa eimgwje0\\"><div class=\\"css-bxochs eimgwje1\\"><div class=\\"css-454liy\\"></div></div><div class=\\"css-1fwppsy\\"><div class=\\"MuiCircularProgress-root css-15gl0ho MuiCircularProgress-colorPrimary MuiCircularProgress-indeterminate\\" style=\\"width:50px;height:50px\\" role=\\"progressbar\\"><svg class=\\"MuiCircularProgress-svg\\" viewBox=\\"22 22 44 44\\"><circle class=\\"MuiCircularProgress-circle MuiCircularProgress-circleIndeterminate\\" cx=\\"44\\" cy=\\"44\\" r=\\"20.2\\" fill=\\"none\\" stroke-width=\\"3.6\\"></circle></svg></div></div></div>"`;
