// Jest Snapshot v1, https://goo.gl/fbAQLP

exports[`<Loading /> component should render the component in default state 1`] = `"<div class=\\"css-1221txa eimgwje0\\"><div class=\\"css-bxochs eimgwje1\\"><div class=\\"css-1tnu3ib em793ed0\\"></div></div><div class=\\"css-vqrgi e1ag4h8b0\\"><div class=\\"MuiCircularProgress-root-1 MuiCircularProgress-colorPrimary-4 MuiCircularProgress-indeterminate-3 css-15gl0ho e1ag4h8b1\\" style=\\"width:50px;height:50px\\" role=\\"progressbar\\"><svg class=\\"MuiCircularProgress-svg-6\\" viewBox=\\"22 22 44 44\\"><circle class=\\"MuiCircularProgress-circle-7 MuiCircularProgress-circleIndeterminate-9\\" cx=\\"44\\" cy=\\"44\\" r=\\"20.2\\" fill=\\"none\\" stroke-width=\\"3.6\\"></circle></svg></div></div></div>"`;
